// Jest Snapshot v1, https://goo.gl/fbAQLP

exports[`pruebas en el componente <Pregunta/> debe de hacer match con el snapshot 1`] = `[Function]`;
